// Jest Snapshot v1, https://goo.gl/fbAQLP

exports[`<GetAvatar /> should render 1`] = `
<div
  style={
    Object {
      "backgroundColor": "black",
      "height": "100px",
      "position": "relative",
      "width": "100px",
    }
  }
>
  <span
    style={
      Object {
        "color": "white",
      }
    }
  >
    Webcam not supported
  </span>
</div>
`;
